// Jest Snapshot v1, https://goo.gl/fbAQLP

exports[`matches snapshot 1`] = `
<DocumentFragment>
  <div
    class="container col-lg-6"
  >
    <div
      class="row justify-content-md-center"
    >
      <div
        class="col-6"
      >
        <form
          class="mt-3"
          method="get"
        >
          <h3>
            Log In
          </h3>
          <div
            class="form-group"
          >
            <label
              for="username"
            />
            <input
              class="form-control"
              id="username"
              name="username"
              placeholder="Enter username..."
              type="text"
              value=""
            />
          </div>
          <div
            class="form-group"
          >
            <label
              for="password"
            />
            <input
              class="form-control"
              id="password"
              name="password"
              placeholder="Enter password..."
              type="text"
              value=""
            />
          </div>
          <button
            class="btn btn-primary btn-sm float-right"
          >
            Log in
          </button>
        </form>
      </div>
    </div>
  </div>
</DocumentFragment>
`;
